Archive member included to satisfy reference by file (symbol)

c:/st/stm32cubeide_1.7.0/stm32cubeide/plugins/com.st.stm32cube.ide.mcu.externaltools.gnu-tools-for-stm32.9-2020-q2-update.win32_2.0.0.202105311346/tools/bin/../lib/gcc/arm-none-eabi/9.3.1/../../../../arm-none-eabi/lib/thumb/v7e-m+fp/hard\libc_nano.a(lib_a-errno.o)
                              ./Core/Src/syscalls.o (__errno)
c:/st/stm32cubeide_1.7.0/stm32cubeide/plugins/com.st.stm32cube.ide.mcu.externaltools.gnu-tools-for-stm32.9-2020-q2-update.win32_2.0.0.202105311346/tools/bin/../lib/gcc/arm-none-eabi/9.3.1/../../../../arm-none-eabi/lib/thumb/v7e-m+fp/hard\libc_nano.a(lib_a-exit.o)
                              c:/st/stm32cubeide_1.7.0/stm32cubeide/plugins/com.st.stm32cube.ide.mcu.externaltools.gnu-tools-for-stm32.9-2020-q2-update.win32_2.0.0.202105311346/tools/bin/../lib/gcc/arm-none-eabi/9.3.1/../../../../arm-none-eabi/lib/thumb/v7e-m+fp/hard/crt0.o (exit)
c:/st/stm32cubeide_1.7.0/stm32cubeide/plugins/com.st.stm32cube.ide.mcu.externaltools.gnu-tools-for-stm32.9-2020-q2-update.win32_2.0.0.202105311346/tools/bin/../lib/gcc/arm-none-eabi/9.3.1/../../../../arm-none-eabi/lib/thumb/v7e-m+fp/hard\libc_nano.a(lib_a-impure.o)
                              c:/st/stm32cubeide_1.7.0/stm32cubeide/plugins/com.st.stm32cube.ide.mcu.externaltools.gnu-tools-for-stm32.9-2020-q2-update.win32_2.0.0.202105311346/tools/bin/../lib/gcc/arm-none-eabi/9.3.1/../../../../arm-none-eabi/lib/thumb/v7e-m+fp/hard\libc_nano.a(lib_a-exit.o) (_global_impure_ptr)
c:/st/stm32cubeide_1.7.0/stm32cubeide/plugins/com.st.stm32cube.ide.mcu.externaltools.gnu-tools-for-stm32.9-2020-q2-update.win32_2.0.0.202105311346/tools/bin/../lib/gcc/arm-none-eabi/9.3.1/../../../../arm-none-eabi/lib/thumb/v7e-m+fp/hard\libc_nano.a(lib_a-init.o)
                              c:/st/stm32cubeide_1.7.0/stm32cubeide/plugins/com.st.stm32cube.ide.mcu.externaltools.gnu-tools-for-stm32.9-2020-q2-update.win32_2.0.0.202105311346/tools/bin/../lib/gcc/arm-none-eabi/9.3.1/../../../../arm-none-eabi/lib/thumb/v7e-m+fp/hard/crt0.o (__libc_init_array)
c:/st/stm32cubeide_1.7.0/stm32cubeide/plugins/com.st.stm32cube.ide.mcu.externaltools.gnu-tools-for-stm32.9-2020-q2-update.win32_2.0.0.202105311346/tools/bin/../lib/gcc/arm-none-eabi/9.3.1/../../../../arm-none-eabi/lib/thumb/v7e-m+fp/hard\libc_nano.a(lib_a-memcpy-stub.o)
                              ./Core/Src/phiMainStart.o (memcpy)
c:/st/stm32cubeide_1.7.0/stm32cubeide/plugins/com.st.stm32cube.ide.mcu.externaltools.gnu-tools-for-stm32.9-2020-q2-update.win32_2.0.0.202105311346/tools/bin/../lib/gcc/arm-none-eabi/9.3.1/../../../../arm-none-eabi/lib/thumb/v7e-m+fp/hard\libc_nano.a(lib_a-memset.o)
                              c:/st/stm32cubeide_1.7.0/stm32cubeide/plugins/com.st.stm32cube.ide.mcu.externaltools.gnu-tools-for-stm32.9-2020-q2-update.win32_2.0.0.202105311346/tools/bin/../lib/gcc/arm-none-eabi/9.3.1/../../../../arm-none-eabi/lib/thumb/v7e-m+fp/hard/crt0.o (memset)
c:/st/stm32cubeide_1.7.0/stm32cubeide/plugins/com.st.stm32cube.ide.mcu.externaltools.gnu-tools-for-stm32.9-2020-q2-update.win32_2.0.0.202105311346/tools/bin/../lib/gcc/arm-none-eabi/9.3.1/thumb/v7e-m+fp/hard\libgcc.a(_arm_muldf3.o)
                              ./Core/Src/phiMainStart.o (__aeabi_dmul)
c:/st/stm32cubeide_1.7.0/stm32cubeide/plugins/com.st.stm32cube.ide.mcu.externaltools.gnu-tools-for-stm32.9-2020-q2-update.win32_2.0.0.202105311346/tools/bin/../lib/gcc/arm-none-eabi/9.3.1/thumb/v7e-m+fp/hard\libgcc.a(_arm_addsubdf3.o)
                              ./Core/Src/phiMainStart.o (__aeabi_i2d)
c:/st/stm32cubeide_1.7.0/stm32cubeide/plugins/com.st.stm32cube.ide.mcu.externaltools.gnu-tools-for-stm32.9-2020-q2-update.win32_2.0.0.202105311346/tools/bin/../lib/gcc/arm-none-eabi/9.3.1/thumb/v7e-m+fp/hard\libgcc.a(_arm_truncdfsf2.o)
                              ./Core/Src/phiMainStart.o (__aeabi_d2f)
c:/st/stm32cubeide_1.7.0/stm32cubeide/plugins/com.st.stm32cube.ide.mcu.externaltools.gnu-tools-for-stm32.9-2020-q2-update.win32_2.0.0.202105311346/tools/bin/../lib/gcc/arm-none-eabi/9.3.1/thumb/v7e-m+fp/hard\libgcc.a(_aeabi_uldivmod.o)
                              ./Drivers/STM32F7xx_HAL_Driver/Src/stm32f7xx_hal_rcc.o (__aeabi_uldivmod)
c:/st/stm32cubeide_1.7.0/stm32cubeide/plugins/com.st.stm32cube.ide.mcu.externaltools.gnu-tools-for-stm32.9-2020-q2-update.win32_2.0.0.202105311346/tools/bin/../lib/gcc/arm-none-eabi/9.3.1/thumb/v7e-m+fp/hard\libgcc.a(_udivmoddi4.o)
                              c:/st/stm32cubeide_1.7.0/stm32cubeide/plugins/com.st.stm32cube.ide.mcu.externaltools.gnu-tools-for-stm32.9-2020-q2-update.win32_2.0.0.202105311346/tools/bin/../lib/gcc/arm-none-eabi/9.3.1/thumb/v7e-m+fp/hard\libgcc.a(_aeabi_uldivmod.o) (__udivmoddi4)
c:/st/stm32cubeide_1.7.0/stm32cubeide/plugins/com.st.stm32cube.ide.mcu.externaltools.gnu-tools-for-stm32.9-2020-q2-update.win32_2.0.0.202105311346/tools/bin/../lib/gcc/arm-none-eabi/9.3.1/thumb/v7e-m+fp/hard\libgcc.a(_dvmd_tls.o)
[...]
Memory Configuration

Name             Origin             Length             Attributes
RAM              0x0000000020000000 0x0000000000050000 xrw
FLASH            0x0000000008000000 0x0000000000100000 xr
*default*        0x0000000000000000 0xffffffffffffffff

Linker script and memory map

LOAD c:/st/stm32cubeide_1.7.0/stm32cubeide/plugins/com.st.stm32cube.ide.mcu.externaltools.gnu-tools-for-stm32.9-2020-q2-update.win32_2.0.0.202105311346/tools/bin/../lib/gcc/arm-none-eabi/9.3.1/thumb/v7e-m+fp/hard/crti.o
LOAD c:/st/stm32cubeide_1.7.0/stm32cubeide/plugins/com.st.stm32cube.ide.mcu.externaltools.gnu-tools-for-stm32.9-2020-q2-update.win32_2.0.0.202105311346/tools/bin/../lib/gcc/arm-none-eabi/9.3.1/thumb/v7e-m+fp/hard/crtbegin.o
LOAD c:/st/stm32cubeide_1.7.0/stm32cubeide/plugins/com.st.stm32cube.ide.mcu.externaltools.gnu-tools-for-stm32.9-2020-q2-update.win32_2.0.0.202105311346/tools/bin/../lib/gcc/arm-none-eabi/9.3.1/../../../../arm-none-eabi/lib/thumb/v7e-m+fp/hard/crt0.o
LOAD ./Core/Src/main.o
LOAD ./Core/Src/phiMainStart.o
LOAD ./Core/Src/stm32f7xx_hal_msp.o
LOAD ./Core/Src/stm32f7xx_it.o
LOAD ./Core/Src/syscalls.o
LOAD ./Core/Src/sysmem.o
LOAD ./Core/Src/system_stm32f7xx.o
LOAD ./Core/Startup/startup_stm32f746zgtx.o
LOAD ./Drivers/STM32F7xx_HAL_Driver/Src/stm32f7xx_hal.o
LOAD ./Drivers/STM32F7xx_HAL_Driver/Src/stm32f7xx_hal_cortex.o
LOAD ./Drivers/STM32F7xx_HAL_Driver/Src/stm32f7xx_hal_dma.o
LOAD ./Drivers/STM32F7xx_HAL_Driver/Src/stm32f7xx_hal_dma_ex.o
LOAD ./Drivers/STM32F7xx_HAL_Driver/Src/stm32f7xx_hal_exti.o
LOAD ./Drivers/STM32F7xx_HAL_Driver/Src/stm32f7xx_hal_flash.o
LOAD ./Drivers/STM32F7xx_HAL_Driver/Src/stm32f7xx_hal_flash_ex.o
LOAD ./Drivers/STM32F7xx_HAL_Driver/Src/stm32f7xx_hal_gpio.o
LOAD ./Drivers/STM32F7xx_HAL_Driver/Src/stm32f7xx_hal_i2c.o
LOAD ./Drivers/STM32F7xx_HAL_Driver/Src/stm32f7xx_hal_i2c_ex.o
LOAD ./Drivers/STM32F7xx_HAL_Driver/Src/stm32f7xx_hal_pwr.o
LOAD ./Drivers/STM32F7xx_HAL_Driver/Src/stm32f7xx_hal_pwr_ex.o
LOAD ./Drivers/STM32F7xx_HAL_Driver/Src/stm32f7xx_hal_rcc.o
LOAD ./Drivers/STM32F7xx_HAL_Driver/Src/stm32f7xx_hal_rcc_ex.o
LOAD ./Drivers/STM32F7xx_HAL_Driver/Src/stm32f7xx_hal_tim.o
LOAD ./Drivers/STM32F7xx_HAL_Driver/Src/stm32f7xx_hal_tim_ex.o
LOAD ./Drivers/STM32F7xx_HAL_Driver/Src/stm32f7xx_hal_uart.o
LOAD ./Drivers/STM32F7xx_HAL_Driver/Src/stm32f7xx_hal_uart_ex.o
START GROUP
LOAD c:/st/stm32cubeide_1.7.0/stm32cubeide/plugins/com.st.stm32cube.ide.mcu.externaltools.gnu-tools-for-stm32.9-2020-q2-update.win32_2.0.0.202105311346/tools/bin/../lib/gcc/arm-none-eabi/9.3.1/../../../../arm-none-eabi/lib/thumb/v7e-m+fp/hard\libstdc++_nano.a
LOAD c:/st/stm32cubeide_1.7.0/stm32cubeide/plugins/com.st.stm32cube.ide.mcu.externaltools.gnu-tools-for-stm32.9-2020-q2-update.win32_2.0.0.202105311346/tools/bin/../lib/gcc/arm-none-eabi/9.3.1/../../../../arm-none-eabi/lib/thumb/v7e-m+fp/hard\libsupc++_nano.a
END GROUP
LOAD c:/st/stm32cubeide_1.7.0/stm32cubeide/plugins/com.st.stm32cube.ide.mcu.externaltools.gnu-tools-for-stm32.9-2020-q2-update.win32_2.0.0.202105311346/tools/bin/../lib/gcc/arm-none-eabi/9.3.1/../../../../arm-none-eabi/lib/thumb/v7e-m+fp/hard\libstdc++_nano.a
LOAD c:/st/stm32cubeide_1.7.0/stm32cubeide/plugins/com.st.stm32cube.ide.mcu.externaltools.gnu-tools-for-stm32.9-2020-q2-update.win32_2.0.0.202105311346/tools/bin/../lib/gcc/arm-none-eabi/9.3.1/../../../../arm-none-eabi/lib/thumb/v7e-m+fp/hard\libm.a
LOAD c:/st/stm32cubeide_1.7.0/stm32cubeide/plugins/com.st.stm32cube.ide.mcu.externaltools.gnu-tools-for-stm32.9-2020-q2-update.win32_2.0.0.202105311346/tools/bin/../lib/gcc/arm-none-eabi/9.3.1/../../../../arm-none-eabi/lib/thumb/v7e-m+fp/hard\libc_nano.a
START GROUP
LOAD c:/st/stm32cubeide_1.7.0/stm32cubeide/plugins/com.st.stm32cube.ide.mcu.externaltools.gnu-tools-for-stm32.9-2020-q2-update.win32_2.0.0.202105311346/tools/bin/../lib/gcc/arm-none-eabi/9.3.1/thumb/v7e-m+fp/hard\libgcc.a
LOAD c:/st/stm32cubeide_1.7.0/stm32cubeide/plugins/com.st.stm32cube.ide.mcu.externaltools.gnu-tools-for-stm32.9-2020-q2-update.win32_2.0.0.202105311346/tools/bin/../lib/gcc/arm-none-eabi/9.3.1/../../../../arm-none-eabi/lib/thumb/v7e-m+fp/hard\libc_nano.a
END GROUP
START GROUP
LOAD c:/st/stm32cubeide_1.7.0/stm32cubeide/plugins/com.st.stm32cube.ide.mcu.externaltools.gnu-tools-for-stm32.9-2020-q2-update.win32_2.0.0.202105311346/tools/bin/../lib/gcc/arm-none-eabi/9.3.1/thumb/v7e-m+fp/hard\libgcc.a
LOAD c:/st/stm32cubeide_1.7.0/stm32cubeide/plugins/com.st.stm32cube.ide.mcu.externaltools.gnu-tools-for-stm32.9-2020-q2-update.win32_2.0.0.202105311346/tools/bin/../lib/gcc/arm-none-eabi/9.3.1/../../../../arm-none-eabi/lib/thumb/v7e-m+fp/hard\libc_nano.a
END GROUP
LOAD c:/st/stm32cubeide_1.7.0/stm32cubeide/plugins/com.st.stm32cube.ide.mcu.externaltools.gnu-tools-for-stm32.9-2020-q2-update.win32_2.0.0.202105311346/tools/bin/../lib/gcc/arm-none-eabi/9.3.1/thumb/v7e-m+fp/hard/crtend.o
LOAD c:/st/stm32cubeide_1.7.0/stm32cubeide/plugins/com.st.stm32cube.ide.mcu.externaltools.gnu-tools-for-stm32.9-2020-q2-update.win32_2.0.0.202105311346/tools/bin/../lib/gcc/arm-none-eabi/9.3.1/thumb/v7e-m+fp/hard/crtn.o
                0x0000000020050000                _estack = (ORIGIN (RAM) + LENGTH (RAM))
                0x0000000000000200                _Min_Heap_Size = 0x200
                0x0000000000000400                _Min_Stack_Size = 0x400

.isr_vector     0x0000000008000000      0x1c8
                0x0000000008000000                . = ALIGN (0x4)
 *(.isr_vector)
 .isr_vector    0x0000000008000000      0x1c8 ./Core/Startup/startup_stm32f746zgtx.o
                0x0000000008000000                g_pfnVectors
                0x00000000080001c8                . = ALIGN (0x4)

.text           0x00000000080001c8     0x4804
                0x00000000080001c8                . = ALIGN (0x4)
 *(.text)
 .text          0x00000000080001c8       0x40 c:/st/stm32cubeide_1.7.0/stm32cubeide/plugins/com.st.stm32cube.ide.mcu.externaltools.gnu-tools-for-stm32.9-2020-q2-update.win32_2.0.0.202105311346/tools/bin/../lib/gcc/arm-none-eabi/9.3.1/thumb/v7e-m+fp/hard/crtbegin.o
 .text          0x0000000008000208      0x254 c:/st/stm32cubeide_1.7.0/stm32cubeide/plugins/com.st.stm32cube.ide.mcu.externaltools.gnu-tools-for-stm32.9-2020-q2-update.win32_2.0.0.202105311346/tools/bin/../lib/gcc/arm-none-eabi/9.3.1/thumb/v7e-m+fp/hard\libgcc.a(_arm_muldf3.o)
                0x0000000008000208                __muldf3
                0x0000000008000208                __aeabi_dmul
 .text          0x000000000800045c      0x378 c:/st/stm32cubeide_1.7.0/stm32cubeide/plugins/com.st.stm32cube.ide.mcu.externaltools.gnu-tools-for-stm32.9-2020-q2-update.win32_2.0.0.202105311346/tools/bin/../lib/gcc/arm-none-eabi/9.3.1/thumb/v7e-m+fp/hard\libgcc.a(_arm_addsubdf3.o)
                0x000000000800045c                __aeabi_drsub
                0x0000000008000464                __aeabi_dsub
                0x0000000008000464                __subdf3
                0x0000000008000468                __aeabi_dadd
                0x0000000008000468                __adddf3
                0x00000000080006e0                __floatunsidf
                0x00000000080006e0                __aeabi_ui2d
                0x0000000008000700                __floatsidf
                0x0000000008000700                __aeabi_i2d
                0x0000000008000724                __aeabi_f2d
                0x0000000008000724                __extendsfdf2
                0x0000000008000768                __floatundidf
                0x0000000008000768                __aeabi_ul2d
                0x0000000008000778                __floatdidf
                0x0000000008000778                __aeabi_l2d
 .text          0x00000000080007d4       0xa0 c:/st/stm32cubeide_1.7.0/stm32cubeide/plugins/com.st.stm32cube.ide.mcu.externaltools.gnu-tools-for-stm32.9-2020-q2-update.win32_2.0.0.202105311346/tools/bin/../lib/gcc/arm-none-eabi/9.3.1/thumb/v7e-m+fp/hard\libgcc.a(_arm_truncdfsf2.o)
                0x00000000080007d4                __truncdfsf2
                0x00000000080007d4                __aeabi_d2f
 .text          0x0000000008000874       0x30 c:/st/stm32cubeide_1.7.0/stm32cubeide/plugins/com.st.stm32cube.ide.mcu.externaltools.gnu-tools-for-stm32.9-2020-q2-update.win32_2.0.0.202105311346/tools/bin/../lib/gcc/arm-none-eabi/9.3.1/thumb/v7e-m+fp/hard\libgcc.a(_aeabi_uldivmod.o)
                0x0000000008000874                __aeabi_uldivmod
 .text          0x00000000080008a4      0x2c4 c:/st/stm32cubeide_1.7.0/stm32cubeide/plugins/com.st.stm32cube.ide.mcu.externaltools.gnu-tools-for-stm32.9-2020-q2-update.win32_2.0.0.202105311346/tools/bin/../lib/gcc/arm-none-eabi/9.3.1/thumb/v7e-m+fp/hard\libgcc.a(_udivmoddi4.o)
                0x00000000080008a4                __udivmoddi4
 .text          0x0000000008000b68        0x4 c:/st/stm32cubeide_1.7.0/stm32cubeide/plugins/com.st.stm32cube.ide.mcu.externaltools.gnu-tools-for-stm32.9-2020-q2-update.win32_2.0.0.202105311346/tools/bin/../lib/gcc/arm-none-eabi/9.3.1/thumb/v7e-m+fp/hard\libgcc.a(_dvmd_tls.o)
                0x0000000008000b68                __aeabi_idiv0
                0x0000000008000b68                __aeabi_ldiv0
 *(.text*)
 .text._ZN28ublox_neo_m8n_gps_parametersC2EP20__UART_HandleTypeDef
                0x0000000008000b6c       0xfc ./Core/Src/phiMainStart.o
                0x0000000008000b6c                ublox_neo_m8n_gps_parameters::ublox_neo_m8n_gps_parameters(__UART_HandleTypeDef*)
                0x0000000008000b6c                ublox_neo_m8n_gps_parameters::ublox_neo_m8n_gps_parameters(__UART_HandleTypeDef*)
 .text._ZN28ublox_neo_m8n_gps_parameters15get_gps_messageEv
                0x0000000008000c68      0x358 ./Core/Src/phiMainStart.o
                0x0000000008000c68                ublox_neo_m8n_gps_parameters::get_gps_message()
 .text._ZN28ublox_neo_m8n_gps_parameters26execute_nav_class_packagesEv
                0x0000000008000fc0       0x34 ./Core/Src/phiMainStart.o
                0x0000000008000fc0                ublox_neo_m8n_gps_parameters::execute_nav_class_packages()
 *fill*         0x0000000008000ff4        0x4 
 .text._ZN28ublox_neo_m8n_gps_parameters19execute_pvt_packageEv
                0x0000000008000ff8      0x1b8 ./Core/Src/phiMainStart.o
                0x0000000008000ff8                ublox_neo_m8n_gps_parameters::execute_pvt_package()
 .text._ZN28ublox_neo_m8n_gps_parameters24calculate_checksum_valueEPhh
                0x00000000080011b0       0x84 ./Core/Src/phiMainStart.o
                0x00000000080011b0                ublox_neo_m8n_gps_parameters::calculate_checksum_value(unsigned char*, unsigned char)
 .text._ZN28ublox_neo_m8n_gps_parameters36start_communication_with_gps_via_dmaEv
                0x0000000008001234       0x22 ./Core/Src/phiMainStart.o
                0x0000000008001234                ublox_neo_m8n_gps_parameters::start_communication_with_gps_via_dma()
 *fill*         0x0000000008001256        0x2 
 .text.main     0x0000000008001258       0x34 ./Core/Src/phiMainStart.o
                0x0000000008001258                main
 .text._Z18SystemClock_Configv
                0x000000000800128c      0x138 ./Core/Src/phiMainStart.o
                0x000000000800128c                SystemClock_Config()
 .text._ZL13MX_UART4_Initv
                0x00000000080013c4       0x68 ./Core/Src/phiMainStart.o
 .text._ZL19MX_USART3_UART_Initv
                0x000000000800142c       0x68 ./Core/Src/phiMainStart.o
 .text._ZL11MX_DMA_Initv
                0x0000000008001494       0x4c ./Core/Src/phiMainStart.o
 .text._ZL12MX_GPIO_Initv
                0x00000000080014e0      0x144 ./Core/Src/phiMainStart.o
 .text.Error_Handler
                0x0000000008001624        0xe ./Core/Src/phiMainStart.o
                0x0000000008001624                Error_Handler
 *fill*         0x0000000008001632        0x2 
 .text._Z41__static_initialization_and_destruction_0ii
                0x0000000008001634       0x34 ./Core/Src/phiMainStart.o
 .text._GLOBAL__sub_I_huart4
                0x0000000008001668       0x10 ./Core/Src/phiMainStart.o
 .text.HAL_MspInit
                0x0000000008001678       0x48 ./Core/Src/stm32f7xx_hal_msp.o
                0x0000000008001678                HAL_MspInit
 .text.HAL_UART_MspInit
                0x00000000080016c0      0x1a0 ./Core/Src/stm32f7xx_hal_msp.o
                0x00000000080016c0                HAL_UART_MspInit
 .text.NMI_Handler
                0x0000000008001860        0x6 ./Core/Src/stm32f7xx_it.o
                0x0000000008001860                NMI_Handler
 .text.HardFault_Handler
                0x0000000008001866        0x6 ./Core/Src/stm32f7xx_it.o
                0x0000000008001866                HardFault_Handler
 .text.MemManage_Handler
                0x000000000800186c        0x6 ./Core/Src/stm32f7xx_it.o
                0x000000000800186c                MemManage_Handler
 .text.BusFault_Handler
                0x0000000008001872        0x6 ./Core/Src/stm32f7xx_it.o
                0x0000000008001872                BusFault_Handler
 .text.UsageFault_Handler
                0x0000000008001878        0x6 ./Core/Src/stm32f7xx_it.o
                0x0000000008001878                UsageFault_Handler
 .text.SVC_Handler
                0x000000000800187e        0xe ./Core/Src/stm32f7xx_it.o
                0x000000000800187e                SVC_Handler
 .text.DebugMon_Handler
                0x000000000800188c        0xe ./Core/Src/stm32f7xx_it.o
                0x000000000800188c                DebugMon_Handler
 .text.PendSV_Handler
                0x000000000800189a        0xe ./Core/Src/stm32f7xx_it.o
                0x000000000800189a                PendSV_Handler
 .text.SysTick_Handler
                0x00000000080018a8        0xc ./Core/Src/stm32f7xx_it.o
                0x00000000080018a8                SysTick_Handler
 .text.DMA1_Stream2_IRQHandler
                0x00000000080018b4       0x14 ./Core/Src/stm32f7xx_it.o
                0x00000000080018b4                DMA1_Stream2_IRQHandler
 .text.UART4_IRQHandler
                0x00000000080018c8       0x14 ./Core/Src/stm32f7xx_it.o
                0x00000000080018c8                UART4_IRQHandler
 .text.SystemInit
                0x00000000080018dc       0x24 ./Core/Src/system_stm32f7xx.o
                0x00000000080018dc                SystemInit
 .text.Reset_Handler
                0x0000000008001900       0x50 ./Core/Startup/startup_stm32f746zgtx.o
                0x0000000008001900                Reset_Handler
 .text.Default_Handler
                0x0000000008001950        0x2 ./Core/Startup/startup_stm32f746zgtx.o
                0x0000000008001950                RTC_Alarm_IRQHandler
                0x0000000008001950                EXTI2_IRQHandler
                0x0000000008001950                TIM8_CC_IRQHandler
                0x0000000008001950                UART8_IRQHandler
                0x0000000008001950                SPI4_IRQHandler
                0x0000000008001950                TIM1_CC_IRQHandler
                0x0000000008001950                DMA2_Stream5_IRQHandler
                0x0000000008001950                DMA1_Stream5_IRQHandler
                0x0000000008001950                PVD_IRQHandler
                0x0000000008001950                TAMP_STAMP_IRQHandler
                0x0000000008001950                CAN2_RX1_IRQHandler
                0x0000000008001950                EXTI3_IRQHandler
                0x0000000008001950                TIM8_TRG_COM_TIM14_IRQHandler
                0x0000000008001950                TIM1_UP_TIM10_IRQHandler
                0x0000000008001950                TIM8_UP_TIM13_IRQHandler
                0x0000000008001950                I2C3_ER_IRQHandler
                0x0000000008001950                EXTI0_IRQHandler
                0x0000000008001950                I2C2_EV_IRQHandler
                0x0000000008001950                CAN1_RX0_IRQHandler
                0x0000000008001950                FPU_IRQHandler
                0x0000000008001950                OTG_HS_WKUP_IRQHandler
                0x0000000008001950                LTDC_ER_IRQHandler
                0x0000000008001950                CAN2_SCE_IRQHandler
                0x0000000008001950                DMA2_Stream2_IRQHandler
                0x0000000008001950                SPI1_IRQHandler
                0x0000000008001950                TIM6_DAC_IRQHandler
                0x0000000008001950                TIM1_BRK_TIM9_IRQHandler
                0x0000000008001950                DCMI_IRQHandler
                0x0000000008001950                CAN2_RX0_IRQHandler
                0x0000000008001950                DMA2_Stream3_IRQHandler
                0x0000000008001950                SAI2_IRQHandler
                0x0000000008001950                USART6_IRQHandler
                0x0000000008001950                USART3_IRQHandler
                0x0000000008001950                CAN1_RX1_IRQHandler
                0x0000000008001950                UART5_IRQHandler
                0x0000000008001950                DMA2_Stream0_IRQHandler
                0x0000000008001950                TIM4_IRQHandler
                0x0000000008001950                QUADSPI_IRQHandler
                0x0000000008001950                I2C1_EV_IRQHandler
                0x0000000008001950                DMA1_Stream6_IRQHandler
                0x0000000008001950                DMA1_Stream1_IRQHandler
                0x0000000008001950                TIM3_IRQHandler
                0x0000000008001950                RCC_IRQHandler
                0x0000000008001950                TIM8_BRK_TIM12_IRQHandler
                0x0000000008001950                Default_Handler
                0x0000000008001950                CEC_IRQHandler
                0x0000000008001950                EXTI15_10_IRQHandler
                0x0000000008001950                ADC_IRQHandler
                0x0000000008001950                DMA1_Stream7_IRQHandler
                0x0000000008001950                SPI5_IRQHandler
                0x0000000008001950                TIM7_IRQHandler
                0x0000000008001950                SDMMC1_IRQHandler
                0x0000000008001950                CAN2_TX_IRQHandler
                0x0000000008001950                TIM5_IRQHandler
                0x0000000008001950                DMA2_Stream7_IRQHandler
                0x0000000008001950                I2C3_EV_IRQHandler
                0x0000000008001950                EXTI9_5_IRQHandler
                0x0000000008001950                RTC_WKUP_IRQHandler
                0x0000000008001950                LTDC_IRQHandler
                0x0000000008001950                ETH_WKUP_IRQHandler
                0x0000000008001950                SPDIF_RX_IRQHandler
                0x0000000008001950                SPI2_IRQHandler
                0x0000000008001950                OTG_HS_EP1_IN_IRQHandler
                0x0000000008001950                DMA1_Stream0_IRQHandler
                0x0000000008001950                CAN1_TX_IRQHandler
                0x0000000008001950                EXTI4_IRQHandler
                0x0000000008001950                RNG_IRQHandler
                0x0000000008001950                ETH_IRQHandler
                0x0000000008001950                OTG_HS_EP1_OUT_IRQHandler
                0x0000000008001950                WWDG_IRQHandler
                0x0000000008001950                SPI6_IRQHandler
                0x0000000008001950                I2C4_EV_IRQHandler
                0x0000000008001950                TIM2_IRQHandler
                0x0000000008001950                OTG_FS_WKUP_IRQHandler
                0x0000000008001950                TIM1_TRG_COM_TIM11_IRQHandler
                0x0000000008001950                OTG_HS_IRQHandler
                0x0000000008001950                DMA2D_IRQHandler
                0x0000000008001950                EXTI1_IRQHandler
                0x0000000008001950                UART7_IRQHandler
                0x0000000008001950                USART2_IRQHandler
                0x0000000008001950                I2C2_ER_IRQHandler
                0x0000000008001950                DMA2_Stream1_IRQHandler
                0x0000000008001950                CAN1_SCE_IRQHandler
                0x0000000008001950                FLASH_IRQHandler
                0x0000000008001950                DMA2_Stream4_IRQHandler
                0x0000000008001950                USART1_IRQHandler
                0x0000000008001950                OTG_FS_IRQHandler
                0x0000000008001950                SPI3_IRQHandler
                0x0000000008001950                DMA1_Stream4_IRQHandler
                0x0000000008001950                I2C1_ER_IRQHandler
                0x0000000008001950                FMC_IRQHandler
                0x0000000008001950                LPTIM1_IRQHandler
                0x0000000008001950                I2C4_ER_IRQHandler
                0x0000000008001950                DMA2_Stream6_IRQHandler
                0x0000000008001950                SAI1_IRQHandler
                0x0000000008001950                DMA1_Stream3_IRQHandler
 *fill*         0x0000000008001952        0x2 
 .text.HAL_Init
                0x0000000008001954       0x2c ./Drivers/STM32F7xx_HAL_Driver/Src/stm32f7xx_hal.o
                0x0000000008001954                HAL_Init
 .text.HAL_InitTick
                0x0000000008001980       0x60 ./Drivers/STM32F7xx_HAL_Driver/Src/stm32f7xx_hal.o
                0x0000000008001980                HAL_InitTick
 .text.HAL_IncTick
                0x00000000080019e0       0x28 ./Drivers/STM32F7xx_HAL_Driver/Src/stm32f7xx_hal.o
                0x00000000080019e0                HAL_IncTick
 .text.HAL_GetTick
                0x0000000008001a08       0x18 ./Drivers/STM32F7xx_HAL_Driver/Src/stm32f7xx_hal.o
                0x0000000008001a08                HAL_GetTick
 .text.HAL_Delay
                0x0000000008001a20       0x48 ./Drivers/STM32F7xx_HAL_Driver/Src/stm32f7xx_hal.o
                0x0000000008001a20                HAL_Delay
 .text.__NVIC_SetPriorityGrouping
                0x0000000008001a68       0x48 ./Drivers/STM32F7xx_HAL_Driver/Src/stm32f7xx_hal_cortex.o
 .text.__NVIC_GetPriorityGrouping
                0x0000000008001ab0       0x1c ./Drivers/STM32F7xx_HAL_Driver/Src/stm32f7xx_hal_cortex.o
 .text.__NVIC_EnableIRQ
                0x0000000008001acc       0x3c ./Drivers/STM32F7xx_HAL_Driver/Src/stm32f7xx_hal_cortex.o
 .text.__NVIC_SetPriority
                0x0000000008001b08       0x54 ./Drivers/STM32F7xx_HAL_Driver/Src/stm32f7xx_hal_cortex.o
 .text.NVIC_EncodePriority
                0x0000000008001b5c       0x66 ./Drivers/STM32F7xx_HAL_Driver/Src/stm32f7xx_hal_cortex.o
 *fill*         0x0000000008001bc2        0x2 
 .text.SysTick_Config
                0x0000000008001bc4       0x44 ./Drivers/STM32F7xx_HAL_Driver/Src/stm32f7xx_hal_cortex.o
 .text.HAL_NVIC_SetPriorityGrouping
                0x0000000008001c08       0x16 ./Drivers/STM32F7xx_HAL_Driver/Src/stm32f7xx_hal_cortex.o
                0x0000000008001c08                HAL_NVIC_SetPriorityGrouping
 .text.HAL_NVIC_SetPriority
                0x0000000008001c1e       0x38 ./Drivers/STM32F7xx_HAL_Driver/Src/stm32f7xx_hal_cortex.o
                0x0000000008001c1e                HAL_NVIC_SetPriority
 .text.HAL_NVIC_EnableIRQ
                0x0000000008001c56       0x1c ./Drivers/STM32F7xx_HAL_Driver/Src/stm32f7xx_hal_cortex.o
                0x0000000008001c56                HAL_NVIC_EnableIRQ
 .text.HAL_SYSTICK_Config
                0x0000000008001c72       0x18 ./Drivers/STM32F7xx_HAL_Driver/Src/stm32f7xx_hal_cortex.o
                0x0000000008001c72                HAL_SYSTICK_Config
 *fill*         0x0000000008001c8a        0x2 
 .text.HAL_DMA_Init
                0x0000000008001c8c      0x15c ./Drivers/STM32F7xx_HAL_Driver/Src/stm32f7xx_hal_dma.o
                0x0000000008001c8c                HAL_DMA_Init
 .text.HAL_DMA_Start_IT
                0x0000000008001de8       0xc0 ./Drivers/STM32F7xx_HAL_Driver/Src/stm32f7xx_hal_dma.o
                0x0000000008001de8                HAL_DMA_Start_IT
 .text.HAL_DMA_Abort
                0x0000000008001ea8       0xe0 ./Drivers/STM32F7xx_HAL_Driver/Src/stm32f7xx_hal_dma.o
                0x0000000008001ea8                HAL_DMA_Abort
 .text.HAL_DMA_Abort_IT
                0x0000000008001f88       0x44 ./Drivers/STM32F7xx_HAL_Driver/Src/stm32f7xx_hal_dma.o
                0x0000000008001f88                HAL_DMA_Abort_IT
 .text.HAL_DMA_IRQHandler
                0x0000000008001fcc      0x314 ./Drivers/STM32F7xx_HAL_Driver/Src/stm32f7xx_hal_dma.o
                0x0000000008001fcc                HAL_DMA_IRQHandler
 .text.DMA_SetConfig
                0x00000000080022e0       0x5c ./Drivers/STM32F7xx_HAL_Driver/Src/stm32f7xx_hal_dma.o
 .text.DMA_CalcBaseAndBitshift
                0x000000000800233c       0x6c ./Drivers/STM32F7xx_HAL_Driver/Src/stm32f7xx_hal_dma.o
 .text.DMA_CheckFifoParam
                0x00000000080023a8       0xf8 ./Drivers/STM32F7xx_HAL_Driver/Src/stm32f7xx_hal_dma.o
 .text.HAL_GPIO_Init
                0x00000000080024a0      0x358 ./Drivers/STM32F7xx_HAL_Driver/Src/stm32f7xx_hal_gpio.o
                0x00000000080024a0                HAL_GPIO_Init
 .text.HAL_GPIO_WritePin
                0x00000000080027f8       0x32 ./Drivers/STM32F7xx_HAL_Driver/Src/stm32f7xx_hal_gpio.o
                0x00000000080027f8                HAL_GPIO_WritePin
 *fill*         0x000000000800282a        0x2 
 .text.HAL_PWR_EnableBkUpAccess
                0x000000000800282c       0x20 ./Drivers/STM32F7xx_HAL_Driver/Src/stm32f7xx_hal_pwr.o
                0x000000000800282c                HAL_PWR_EnableBkUpAccess
 .text.HAL_RCC_OscConfig
                0x000000000800284c      0x548 ./Drivers/STM32F7xx_HAL_Driver/Src/stm32f7xx_hal_rcc.o
                0x000000000800284c                HAL_RCC_OscConfig
 .text.HAL_RCC_ClockConfig
                0x0000000008002d94      0x1d8 ./Drivers/STM32F7xx_HAL_Driver/Src/stm32f7xx_hal_rcc.o
                0x0000000008002d94                HAL_RCC_ClockConfig
 .text.HAL_RCC_GetSysClockFreq
                0x0000000008002f6c      0x1c4 ./Drivers/STM32F7xx_HAL_Driver/Src/stm32f7xx_hal_rcc.o
                0x0000000008002f6c                HAL_RCC_GetSysClockFreq
 .text.HAL_RCC_GetHCLKFreq
                0x0000000008003130       0x18 ./Drivers/STM32F7xx_HAL_Driver/Src/stm32f7xx_hal_rcc.o
                0x0000000008003130                HAL_RCC_GetHCLKFreq
 .text.HAL_RCC_GetPCLK1Freq
                0x0000000008003148       0x28 ./Drivers/STM32F7xx_HAL_Driver/Src/stm32f7xx_hal_rcc.o
                0x0000000008003148                HAL_RCC_GetPCLK1Freq
 .text.HAL_RCC_GetPCLK2Freq
                0x0000000008003170       0x28 ./Drivers/STM32F7xx_HAL_Driver/Src/stm32f7xx_hal_rcc.o
                0x0000000008003170                HAL_RCC_GetPCLK2Freq
 .text.HAL_RCCEx_PeriphCLKConfig
                0x0000000008003198      0x7e0 ./Drivers/STM32F7xx_HAL_Driver/Src/stm32f7xx_hal_rcc_ex.o
                0x0000000008003198                HAL_RCCEx_PeriphCLKConfig
 .text.HAL_UART_Init
                0x0000000008003978       0x9c ./Drivers/STM32F7xx_HAL_Driver/Src/stm32f7xx_hal_uart.o
                0x0000000008003978                HAL_UART_Init
 .text.HAL_UART_Receive_DMA
                0x0000000008003a14       0x7a ./Drivers/STM32F7xx_HAL_Driver/Src/stm32f7xx_hal_uart.o
                0x0000000008003a14                HAL_UART_Receive_DMA
 *fill*         0x0000000008003a8e        0x2 
 .text.HAL_UART_IRQHandler
                0x0000000008003a90      0x3d8 ./Drivers/STM32F7xx_HAL_Driver/Src/stm32f7xx_hal_uart.o
                0x0000000008003a90                HAL_UART_IRQHandler
 .text.HAL_UART_TxCpltCallback
                0x0000000008003e68       0x14 ./Drivers/STM32F7xx_HAL_Driver/Src/stm32f7xx_hal_uart.o
                0x0000000008003e68                HAL_UART_TxCpltCallback
 .text.HAL_UART_RxCpltCallback
                0x0000000008003e7c       0x14 ./Drivers/STM32F7xx_HAL_Driver/Src/stm32f7xx_hal_uart.o
                0x0000000008003e7c                HAL_UART_RxCpltCallback
 .text.HAL_UART_RxHalfCpltCallback
                0x0000000008003e90       0x14 ./Drivers/STM32F7xx_HAL_Driver/Src/stm32f7xx_hal_uart.o
                0x0000000008003e90                HAL_UART_RxHalfCpltCallback
 .text.HAL_UART_ErrorCallback
                0x0000000008003ea4       0x14 ./Drivers/STM32F7xx_HAL_Driver/Src/stm32f7xx_hal_uart.o
                0x0000000008003ea4                HAL_UART_ErrorCallback
 .text.HAL_UARTEx_RxEventCallback
                0x0000000008003eb8       0x18 ./Drivers/STM32F7xx_HAL_Driver/Src/stm32f7xx_hal_uart.o
                0x0000000008003eb8                HAL_UARTEx_RxEventCallback
 .text.UART_SetConfig
                0x0000000008003ed0      0x4c4 ./Drivers/STM32F7xx_HAL_Driver/Src/stm32f7xx_hal_uart.o
                0x0000000008003ed0                UART_SetConfig
 .text.UART_AdvFeatureConfig
                0x0000000008004394      0x144 ./Drivers/STM32F7xx_HAL_Driver/Src/stm32f7xx_hal_uart.o
                0x0000000008004394                UART_AdvFeatureConfig
 .text.UART_CheckIdleState
                0x00000000080044d8       0x66 ./Drivers/STM32F7xx_HAL_Driver/Src/stm32f7xx_hal_uart.o
                0x00000000080044d8                UART_CheckIdleState
 .text.UART_WaitOnFlagUntilTimeout
                0x000000000800453e       0xf8 ./Drivers/STM32F7xx_HAL_Driver/Src/stm32f7xx_hal_uart.o
                0x000000000800453e                UART_WaitOnFlagUntilTimeout
 *fill*         0x0000000008004636        0x2 
 .text.UART_Start_Receive_DMA
                0x0000000008004638       0xd8 ./Drivers/STM32F7xx_HAL_Driver/Src/stm32f7xx_hal_uart.o
                0x0000000008004638                UART_Start_Receive_DMA
 .text.UART_EndTxTransfer
                0x0000000008004710       0x2a ./Drivers/STM32F7xx_HAL_Driver/Src/stm32f7xx_hal_uart.o
 .text.UART_EndRxTransfer
                0x000000000800473a       0x5e ./Drivers/STM32F7xx_HAL_Driver/Src/stm32f7xx_hal_uart.o
 .text.UART_DMAReceiveCplt
                0x0000000008004798       0x94 ./Drivers/STM32F7xx_HAL_Driver/Src/stm32f7xx_hal_uart.o
 .text.UART_DMARxHalfCplt
                0x000000000800482c       0x38 ./Drivers/STM32F7xx_HAL_Driver/Src/stm32f7xx_hal_uart.o
 .text.UART_DMAError
                0x0000000008004864       0x7c ./Drivers/STM32F7xx_HAL_Driver/Src/stm32f7xx_hal_uart.o
 .text.UART_DMAAbortOnError
                0x00000000080048e0       0x2c ./Drivers/STM32F7xx_HAL_Driver/Src/stm32f7xx_hal_uart.o
 .text.UART_EndTransmit_IT
                0x000000000800490c       0x32 ./Drivers/STM32F7xx_HAL_Driver/Src/stm32f7xx_hal_uart.o
 *fill*         0x000000000800493e        0x2 
 .text.__libc_init_array
                0x0000000008004940       0x48 c:/st/stm32cubeide_1.7.0/stm32cubeide/plugins/com.st.stm32cube.ide.mcu.externaltools.gnu-tools-for-stm32.9-2020-q2-update.win32_2.0.0.202105311346/tools/bin/../lib/gcc/arm-none-eabi/9.3.1/../../../../arm-none-eabi/lib/thumb/v7e-m+fp/hard\libc_nano.a(lib_a-init.o)
                0x0000000008004940                __libc_init_array
 .text.memcpy   0x0000000008004988       0x1c c:/st/stm32cubeide_1.7.0/stm32cubeide/plugins/com.st.stm32cube.ide.mcu.externaltools.gnu-tools-for-stm32.9-2020-q2-update.win32_2.0.0.202105311346/tools/bin/../lib/gcc/arm-none-eabi/9.3.1/../../../../arm-none-eabi/lib/thumb/v7e-m+fp/hard\libc_nano.a(lib_a-memcpy-stub.o)
                0x0000000008004988                memcpy
 .text.memset   0x00000000080049a4       0x10 c:/st/stm32cubeide_1.7.0/stm32cubeide/plugins/com.st.stm32cube.ide.mcu.externaltools.gnu-tools-for-stm32.9-2020-q2-update.win32_2.0.0.202105311346/tools/bin/../lib/gcc/arm-none-eabi/9.3.1/../../../../arm-none-eabi/lib/thumb/v7e-m+fp/hard\libc_nano.a(lib_a-memset.o)
                0x00000000080049a4                memset
 *(.glue_7)
 .glue_7        0x00000000080049b4        0x0 linker stubs
 *(.glue_7t)
 .glue_7t       0x00000000080049b4        0x0 linker stubs
 *(.eh_frame)
 .eh_frame      0x00000000080049b4        0x0 c:/st/stm32cubeide_1.7.0/stm32cubeide/plugins/com.st.stm32cube.ide.mcu.externaltools.gnu-tools-for-stm32.9-2020-q2-update.win32_2.0.0.202105311346/tools/bin/../lib/gcc/arm-none-eabi/9.3.1/thumb/v7e-m+fp/hard/crtbegin.o
 *(.init)
 .init          0x00000000080049b4        0x4 c:/st/stm32cubeide_1.7.0/stm32cubeide/plugins/com.st.stm32cube.ide.mcu.externaltools.gnu-tools-for-stm32.9-2020-q2-update.win32_2.0.0.202105311346/tools/bin/../lib/gcc/arm-none-eabi/9.3.1/thumb/v7e-m+fp/hard/crti.o
                0x00000000080049b4                _init
 .init          0x00000000080049b8        0x8 c:/st/stm32cubeide_1.7.0/stm32cubeide/plugins/com.st.stm32cube.ide.mcu.externaltools.gnu-tools-for-stm32.9-2020-q2-update.win32_2.0.0.202105311346/tools/bin/../lib/gcc/arm-none-eabi/9.3.1/thumb/v7e-m+fp/hard/crtn.o
 *(.fini)
 .fini          0x00000000080049c0        0x4 c:/st/stm32cubeide_1.7.0/stm32cubeide/plugins/com.st.stm32cube.ide.mcu.externaltools.gnu-tools-for-stm32.9-2020-q2-update.win32_2.0.0.202105311346/tools/bin/../lib/gcc/arm-none-eabi/9.3.1/thumb/v7e-m+fp/hard/crti.o
                0x00000000080049c0                _fini
 .fini          0x00000000080049c4        0x8 c:/st/stm32cubeide_1.7.0/stm32cubeide/plugins/com.st.stm32cube.ide.mcu.externaltools.gnu-tools-for-stm32.9-2020-q2-update.win32_2.0.0.202105311346/tools/bin/../lib/gcc/arm-none-eabi/9.3.1/thumb/v7e-m+fp/hard/crtn.o
                0x00000000080049cc                . = ALIGN (0x4)
                0x00000000080049cc                _etext = .

.vfp11_veneer   0x00000000080049cc        0x0
 .vfp11_veneer  0x00000000080049cc        0x0 linker stubs

.v4_bx          0x00000000080049cc        0x0
 .v4_bx         0x00000000080049cc        0x0 linker stubs

.iplt           0x00000000080049cc        0x0
 .iplt          0x00000000080049cc        0x0 c:/st/stm32cubeide_1.7.0/stm32cubeide/plugins/com.st.stm32cube.ide.mcu.externaltools.gnu-tools-for-stm32.9-2020-q2-update.win32_2.0.0.202105311346/tools/bin/../lib/gcc/arm-none-eabi/9.3.1/thumb/v7e-m+fp/hard/crtbegin.o

.rodata         0x00000000080049cc       0x20
                0x00000000080049cc                . = ALIGN (0x4)
 *(.rodata)
 *(.rodata*)
 .rodata.AHBPrescTable
                0x00000000080049cc       0x10 ./Core/Src/system_stm32f7xx.o
                0x00000000080049cc                AHBPrescTable
 .rodata.APBPrescTable
                0x00000000080049dc        0x8 ./Core/Src/system_stm32f7xx.o
                0x00000000080049dc                APBPrescTable
 .rodata.flagBitshiftOffset.8419
                0x00000000080049e4        0x8 ./Drivers/STM32F7xx_HAL_Driver/Src/stm32f7xx_hal_dma.o
                0x00000000080049ec                . = ALIGN (0x4)

.ARM.extab      0x00000000080049ec        0x0
                0x00000000080049ec                . = ALIGN (0x4)
 *(.ARM.extab* .gnu.linkonce.armextab.*)
                0x00000000080049ec                . = ALIGN (0x4)

.ARM            0x00000000080049ec        0x8
                0x00000000080049ec                . = ALIGN (0x4)
                0x00000000080049ec                __exidx_start = .
 *(.ARM.exidx*)
 .ARM.exidx     0x00000000080049ec        0x8 c:/st/stm32cubeide_1.7.0/stm32cubeide/plugins/com.st.stm32cube.ide.mcu.externaltools.gnu-tools-for-stm32.9-2020-q2-update.win32_2.0.0.202105311346/tools/bin/../lib/gcc/arm-none-eabi/9.3.1/thumb/v7e-m+fp/hard\libgcc.a(_udivmoddi4.o)
                0x00000000080049f4                __exidx_end = .
                0x00000000080049f4                . = ALIGN (0x4)

.rel.dyn        0x00000000080049f4        0x0
 .rel.iplt      0x00000000080049f4        0x0 c:/st/stm32cubeide_1.7.0/stm32cubeide/plugins/com.st.stm32cube.ide.mcu.externaltools.gnu-tools-for-stm32.9-2020-q2-update.win32_2.0.0.202105311346/tools/bin/../lib/gcc/arm-none-eabi/9.3.1/thumb/v7e-m+fp/hard/crtbegin.o

.preinit_array  0x00000000080049f4        0x0
                0x00000000080049f4                . = ALIGN (0x4)
                0x00000000080049f4                PROVIDE (__preinit_array_start = .)
 *(.preinit_array*)
                0x00000000080049f4                PROVIDE (__preinit_array_end = .)
                0x00000000080049f4                . = ALIGN (0x4)

.init_array     0x00000000080049f4        0x8
                0x00000000080049f4                . = ALIGN (0x4)
                0x00000000080049f4                PROVIDE (__init_array_start = .)
 *(SORT_BY_NAME(.init_array.*))
 *(.init_array*)
 .init_array    0x00000000080049f4        0x4 c:/st/stm32cubeide_1.7.0/stm32cubeide/plugins/com.st.stm32cube.ide.mcu.externaltools.gnu-tools-for-stm32.9-2020-q2-update.win32_2.0.0.202105311346/tools/bin/../lib/gcc/arm-none-eabi/9.3.1/thumb/v7e-m+fp/hard/crtbegin.o
 .init_array    0x00000000080049f8        0x4 ./Core/Src/phiMainStart.o
                0x00000000080049fc                PROVIDE (__init_array_end = .)
                0x00000000080049fc                . = ALIGN (0x4)

.fini_array     0x00000000080049fc        0x4
                0x00000000080049fc                . = ALIGN (0x4)
                [!provide]                        PROVIDE (__fini_array_start = .)
 *(SORT_BY_NAME(.fini_array.*))
 *(.fini_array*)
 .fini_array    0x00000000080049fc        0x4 c:/st/stm32cubeide_1.7.0/stm32cubeide/plugins/com.st.stm32cube.ide.mcu.externaltools.gnu-tools-for-stm32.9-2020-q2-update.win32_2.0.0.202105311346/tools/bin/../lib/gcc/arm-none-eabi/9.3.1/thumb/v7e-m+fp/hard/crtbegin.o
                [!provide]                        PROVIDE (__fini_array_end = .)
                0x0000000008004a00                . = ALIGN (0x4)
                0x0000000008004a00                _sidata = LOADADDR (.data)

.data           0x0000000020000000        0xc load address 0x0000000008004a00
                0x0000000020000000                . = ALIGN (0x4)
                0x0000000020000000                _sdata = .
 *(.data)
 *(.data*)
 .data.SystemCoreClock
                0x0000000020000000        0x4 ./Core/Src/system_stm32f7xx.o
                0x0000000020000000                SystemCoreClock
 .data.uwTickPrio
                0x0000000020000004        0x4 ./Drivers/STM32F7xx_HAL_Driver/Src/stm32f7xx_hal.o
                0x0000000020000004                uwTickPrio
 .data.uwTickFreq
                0x0000000020000008        0x1 ./Drivers/STM32F7xx_HAL_Driver/Src/stm32f7xx_hal.o
                0x0000000020000008                uwTickFreq
 *(.RamFunc)
 *(.RamFunc*)
                0x000000002000000c                . = ALIGN (0x4)
 *fill*         0x0000000020000009        0x3 
                0x000000002000000c                _edata = .

.igot.plt       0x000000002000000c        0x0 load address 0x0000000008004a0c
 .igot.plt      0x000000002000000c        0x0 c:/st/stm32cubeide_1.7.0/stm32cubeide/plugins/com.st.stm32cube.ide.mcu.externaltools.gnu-tools-for-stm32.9-2020-q2-update.win32_2.0.0.202105311346/tools/bin/../lib/gcc/arm-none-eabi/9.3.1/thumb/v7e-m+fp/hard/crtbegin.o
                0x000000002000000c                . = ALIGN (0x4)

.bss            0x000000002000000c      0x5fc load address 0x0000000008004a0c
                0x000000002000000c                _sbss = .
                0x000000002000000c                __bss_start__ = _sbss
 *(.bss)
 .bss           0x000000002000000c       0x1c c:/st/stm32cubeide_1.7.0/stm32cubeide/plugins/com.st.stm32cube.ide.mcu.externaltools.gnu-tools-for-stm32.9-2020-q2-update.win32_2.0.0.202105311346/tools/bin/../lib/gcc/arm-none-eabi/9.3.1/thumb/v7e-m+fp/hard/crtbegin.o
 *(.bss*)
 .bss.huart4    0x0000000020000028       0x84 ./Core/Src/phiMainStart.o
                0x0000000020000028                huart4
 .bss.huart3    0x00000000200000ac       0x84 ./Core/Src/phiMainStart.o
                0x00000000200000ac                huart3
 .bss.hdma_uart4_rx
                0x0000000020000130       0x60 ./Core/Src/phiMainStart.o
                0x0000000020000130                hdma_uart4_rx
 .bss.neo_m8n_gps_ct
                0x0000000020000190      0x474 ./Core/Src/phiMainStart.o
                0x0000000020000190                neo_m8n_gps_ct
 *(COMMON)
 COMMON         0x0000000020000604        0x4 ./Drivers/STM32F7xx_HAL_Driver/Src/stm32f7xx_hal.o
                0x0000000020000604                uwTick
                0x0000000020000608                . = ALIGN (0x4)
                0x0000000020000608                _ebss = .
                0x0000000020000608                __bss_end__ = _ebss

._user_heap_stack
                0x0000000020000608      0x600 load address 0x0000000008004a0c
                0x0000000020000608                . = ALIGN (0x8)
                [!provide]                        PROVIDE (end = .)
                0x0000000020000608                PROVIDE (_end = .)
                0x0000000020000808                . = (. + _Min_Heap_Size)
 *fill*         0x0000000020000608      0x200 
                0x0000000020000c08                . = (. + _Min_Stack_Size)
 *fill*         0x0000000020000808      0x400 
                0x0000000020000c08                . = ALIGN (0x8)

/DISCARD/
 libc.a(*)
 libm.a(*)
 libgcc.a(*)

.ARM.attributes
                0x0000000000000000       0x30
 *(.ARM.attributes)
 .ARM.attributes
                0x0000000000000000       0x1e c:/st/stm32cubeide_1.7.0/stm32cubeide/plugins/com.st.stm32cube.ide.mcu.externaltools.gnu-tools-for-stm32.9-2020-q2-update.win32_2.0.0.202105311346/tools/bin/../lib/gcc/arm-none-eabi/9.3.1/thumb/v7e-m+fp/hard/crti.o
 .ARM.attributes
                0x000000000000001e       0x34 c:/st/stm32cubeide_1.7.0/stm32cubeide/plugins/com.st.stm32cube.ide.mcu.externaltools.gnu-tools-for-stm32.9-2020-q2-update.win32_2.0.0.202105311346/tools/bin/../lib/gcc/arm-none-eabi/9.3.1/thumb/v7e-m+fp/hard/crtbegin.o
 .ARM.attributes
                0x0000000000000052       0x34 ./Core/Src/phiMainStart.o
 .ARM.attributes
                0x0000000000000086       0x34 ./Core/Src/stm32f7xx_hal_msp.o
 .ARM.attributes
                0x00000000000000ba       0x34 ./Core/Src/stm32f7xx_it.o
 .ARM.attributes
                0x00000000000000ee       0x34 ./Core/Src/system_stm32f7xx.o
 .ARM.attributes
                0x0000000000000122       0x21 ./Core/Startup/startup_stm32f746zgtx.o
 .ARM.attributes
                0x0000000000000143       0x34 ./Drivers/STM32F7xx_HAL_Driver/Src/stm32f7xx_hal.o
 .ARM.attributes
                0x0000000000000177       0x34 ./Drivers/STM32F7xx_HAL_Driver/Src/stm32f7xx_hal_cortex.o
 .ARM.attributes
                0x00000000000001ab       0x34 ./Drivers/STM32F7xx_HAL_Driver/Src/stm32f7xx_hal_dma.o
 .ARM.attributes
                0x00000000000001df       0x34 ./Drivers/STM32F7xx_HAL_Driver/Src/stm32f7xx_hal_gpio.o
 .ARM.attributes
                0x0000000000000213       0x34 ./Drivers/STM32F7xx_HAL_Driver/Src/stm32f7xx_hal_pwr.o
 .ARM.attributes
                0x0000000000000247       0x34 ./Drivers/STM32F7xx_HAL_Driver/Src/stm32f7xx_hal_rcc.o
 .ARM.attributes
                0x000000000000027b       0x34 ./Drivers/STM32F7xx_HAL_Driver/Src/stm32f7xx_hal_rcc_ex.o
 .ARM.attributes
                0x00000000000002af       0x34 ./Drivers/STM32F7xx_HAL_Driver/Src/stm32f7xx_hal_uart.o
 .ARM.attributes
                0x00000000000002e3       0x34 c:/st/stm32cubeide_1.7.0/stm32cubeide/plugins/com.st.stm32cube.ide.mcu.externaltools.gnu-tools-for-stm32.9-2020-q2-update.win32_2.0.0.202105311346/tools/bin/../lib/gcc/arm-none-eabi/9.3.1/../../../../arm-none-eabi/lib/thumb/v7e-m+fp/hard\libc_nano.a(lib_a-init.o)
 .ARM.attributes
                0x0000000000000317       0x34 c:/st/stm32cubeide_1.7.0/stm32cubeide/plugins/com.st.stm32cube.ide.mcu.externaltools.gnu-tools-for-stm32.9-2020-q2-update.win32_2.0.0.202105311346/tools/bin/../lib/gcc/arm-none-eabi/9.3.1/../../../../arm-none-eabi/lib/thumb/v7e-m+fp/hard\libc_nano.a(lib_a-memcpy-stub.o)
 .ARM.attributes
                0x000000000000034b       0x34 c:/st/stm32cubeide_1.7.0/stm32cubeide/plugins/com.st.stm32cube.ide.mcu.externaltools.gnu-tools-for-stm32.9-2020-q2-update.win32_2.0.0.202105311346/tools/bin/../lib/gcc/arm-none-eabi/9.3.1/../../../../arm-none-eabi/lib/thumb/v7e-m+fp/hard\libc_nano.a(lib_a-memset.o)
 .ARM.attributes
                0x000000000000037f       0x1e c:/st/stm32cubeide_1.7.0/stm32cubeide/plugins/com.st.stm32cube.ide.mcu.externaltools.gnu-tools-for-stm32.9-2020-q2-update.win32_2.0.0.202105311346/tools/bin/../lib/gcc/arm-none-eabi/9.3.1/thumb/v7e-m+fp/hard\libgcc.a(_arm_muldf3.o)
 .ARM.attributes
                0x000000000000039d       0x1e c:/st/stm32cubeide_1.7.0/stm32cubeide/plugins/com.st.stm32cube.ide.mcu.externaltools.gnu-tools-for-stm32.9-2020-q2-update.win32_2.0.0.202105311346/tools/bin/../lib/gcc/arm-none-eabi/9.3.1/thumb/v7e-m+fp/hard\libgcc.a(_arm_addsubdf3.o)
 .ARM.attributes
                0x00000000000003bb       0x1e c:/st/stm32cubeide_1.7.0/stm32cubeide/plugins/com.st.stm32cube.ide.mcu.externaltools.gnu-tools-for-stm32.9-2020-q2-update.win32_2.0.0.202105311346/tools/bin/../lib/gcc/arm-none-eabi/9.3.1/thumb/v7e-m+fp/hard\libgcc.a(_arm_truncdfsf2.o)
 .ARM.attributes
                0x00000000000003d9       0x1e c:/st/stm32cubeide_1.7.0/stm32cubeide/plugins/com.st.stm32cube.ide.mcu.externaltools.gnu-tools-for-stm32.9-2020-q2-update.win32_2.0.0.202105311346/tools/bin/../lib/gcc/arm-none-eabi/9.3.1/thumb/v7e-m+fp/hard\libgcc.a(_aeabi_uldivmod.o)
 .ARM.attributes
                0x00000000000003f7       0x34 c:/st/stm32cubeide_1.7.0/stm32cubeide/plugins/com.st.stm32cube.ide.mcu.externaltools.gnu-tools-for-stm32.9-2020-q2-update.win32_2.0.0.202105311346/tools/bin/../lib/gcc/arm-none-eabi/9.3.1/thumb/v7e-m+fp/hard\libgcc.a(_udivmoddi4.o)
 .ARM.attributes
                0x000000000000042b       0x1e c:/st/stm32cubeide_1.7.0/stm32cubeide/plugins/com.st.stm32cube.ide.mcu.externaltools.gnu-tools-for-stm32.9-2020-q2-update.win32_2.0.0.202105311346/tools/bin/../lib/gcc/arm-none-eabi/9.3.1/thumb/v7e-m+fp/hard\libgcc.a(_dvmd_tls.o)
 .ARM.attributes
                0x0000000000000449       0x1e c:/st/stm32cubeide_1.7.0/stm32cubeide/plugins/com.st.stm32cube.ide.mcu.externaltools.gnu-tools-for-stm32.9-2020-q2-update.win32_2.0.0.202105311346/tools/bin/../lib/gcc/arm-none-eabi/9.3.1/thumb/v7e-m+fp/hard/crtn.o
OUTPUT(UbloxNeom8nGpsApplication.elf elf32-littlearm)
LOAD linker stubs
LOAD c:/st/stm32cubeide_1.7.0/stm32cubeide/plugins/com.st.stm32cube.ide.mcu.externaltools.gnu-tools-for-stm32.9-2020-q2-update.win32_2.0.0.202105311346/tools/bin/../lib/gcc/arm-none-eabi/9.3.1/../../../../arm-none-eabi/lib/thumb/v7e-m+fp/hard\libc.a
LOAD c:/st/stm32cubeide_1.7.0/stm32cubeide/plugins/com.st.stm32cube.ide.mcu.externaltools.gnu-tools-for-stm32.9-2020-q2-update.win32_2.0.0.202105311346/tools/bin/../lib/gcc/arm-none-eabi/9.3.1/../../../../arm-none-eabi/lib/thumb/v7e-m+fp/hard\libm.a
LOAD c:/st/stm32cubeide_1.7.0/stm32cubeide/plugins/com.st.stm32cube.ide.mcu.externaltools.gnu-tools-for-stm32.9-2020-q2-update.win32_2.0.0.202105311346/tools/bin/../lib/gcc/arm-none-eabi/9.3.1/thumb/v7e-m+fp/hard\libgcc.a

.debug_info     0x0000000000000000     0xa1eb
 .debug_info    0x0000000000000000     0x202d ./Core/Src/phiMainStart.o
 .debug_info    0x000000000000202d      0xe1f ./Core/Src/stm32f7xx_hal_msp.o
 .debug_info    0x0000000000002e4c      0x817 ./Core/Src/stm32f7xx_it.o
 .debug_info    0x0000000000003663      0x7ad ./Core/Src/system_stm32f7xx.o
 .debug_info    0x0000000000003e10       0x22 ./Core/Startup/startup_stm32f746zgtx.o
 .debug_info    0x0000000000003e32      0xaba ./Drivers/STM32F7xx_HAL_Driver/Src/stm32f7xx_hal.o
 .debug_info    0x00000000000048ec     0x1116 ./Drivers/STM32F7xx_HAL_Driver/Src/stm32f7xx_hal_cortex.o
 .debug_info    0x0000000000005a02      0x9f1 ./Drivers/STM32F7xx_HAL_Driver/Src/stm32f7xx_hal_dma.o
 .debug_info    0x00000000000063f3      0x868 ./Drivers/STM32F7xx_HAL_Driver/Src/stm32f7xx_hal_gpio.o
 .debug_info    0x0000000000006c5b      0xa4c ./Drivers/STM32F7xx_HAL_Driver/Src/stm32f7xx_hal_pwr.o
 .debug_info    0x00000000000076a7      0x9cc ./Drivers/STM32F7xx_HAL_Driver/Src/stm32f7xx_hal_rcc.o
 .debug_info    0x0000000000008073      0x82c ./Drivers/STM32F7xx_HAL_Driver/Src/stm32f7xx_hal_rcc_ex.o
 .debug_info    0x000000000000889f     0x194c ./Drivers/STM32F7xx_HAL_Driver/Src/stm32f7xx_hal_uart.o

.debug_abbrev   0x0000000000000000     0x1a2c
 .debug_abbrev  0x0000000000000000      0x3f6 ./Core/Src/phiMainStart.o
 .debug_abbrev  0x00000000000003f6      0x1b5 ./Core/Src/stm32f7xx_hal_msp.o
 .debug_abbrev  0x00000000000005ab      0x163 ./Core/Src/stm32f7xx_it.o
 .debug_abbrev  0x000000000000070e      0x165 ./Core/Src/system_stm32f7xx.o
 .debug_abbrev  0x0000000000000873       0x12 ./Core/Startup/startup_stm32f746zgtx.o
 .debug_abbrev  0x0000000000000885      0x1ed ./Drivers/STM32F7xx_HAL_Driver/Src/stm32f7xx_hal.o
 .debug_abbrev  0x0000000000000a72      0x33c ./Drivers/STM32F7xx_HAL_Driver/Src/stm32f7xx_hal_cortex.o
 .debug_abbrev  0x0000000000000dae      0x259 ./Drivers/STM32F7xx_HAL_Driver/Src/stm32f7xx_hal_dma.o
 .debug_abbrev  0x0000000000001007      0x1f1 ./Drivers/STM32F7xx_HAL_Driver/Src/stm32f7xx_hal_gpio.o
 .debug_abbrev  0x00000000000011f8      0x1de ./Drivers/STM32F7xx_HAL_Driver/Src/stm32f7xx_hal_pwr.o
 .debug_abbrev  0x00000000000013d6      0x246 ./Drivers/STM32F7xx_HAL_Driver/Src/stm32f7xx_hal_rcc.o
 .debug_abbrev  0x000000000000161c      0x1d1 ./Drivers/STM32F7xx_HAL_Driver/Src/stm32f7xx_hal_rcc_ex.o
 .debug_abbrev  0x00000000000017ed      0x23f ./Drivers/STM32F7xx_HAL_Driver/Src/stm32f7xx_hal_uart.o

.debug_aranges  0x0000000000000000      0x820
 .debug_aranges
                0x0000000000000000       0x90 ./Core/Src/phiMainStart.o
 .debug_aranges
                0x0000000000000090       0x30 ./Core/Src/stm32f7xx_hal_msp.o
 .debug_aranges
                0x00000000000000c0       0x70 ./Core/Src/stm32f7xx_it.o
 .debug_aranges
                0x0000000000000130       0x28 ./Core/Src/system_stm32f7xx.o
 .debug_aranges
                0x0000000000000158       0x28 ./Core/Startup/startup_stm32f746zgtx.o
 .debug_aranges
                0x0000000000000180      0x100 ./Drivers/STM32F7xx_HAL_Driver/Src/stm32f7xx_hal.o
 .debug_aranges
                0x0000000000000280      0x118 ./Drivers/STM32F7xx_HAL_Driver/Src/stm32f7xx_hal_cortex.o
 .debug_aranges
                0x0000000000000398       0x90 ./Drivers/STM32F7xx_HAL_Driver/Src/stm32f7xx_hal_dma.o
 .debug_aranges
                0x0000000000000428       0x58 ./Drivers/STM32F7xx_HAL_Driver/Src/stm32f7xx_hal_gpio.o
 .debug_aranges
                0x0000000000000480       0xa0 ./Drivers/STM32F7xx_HAL_Driver/Src/stm32f7xx_hal_pwr.o
 .debug_aranges
                0x0000000000000520       0x88 ./Drivers/STM32F7xx_HAL_Driver/Src/stm32f7xx_hal_rcc.o
 .debug_aranges
                0x00000000000005a8       0x50 ./Drivers/STM32F7xx_HAL_Driver/Src/stm32f7xx_hal_rcc_ex.o
 .debug_aranges
                0x00000000000005f8      0x228 ./Drivers/STM32F7xx_HAL_Driver/Src/stm32f7xx_hal_uart.o

.debug_ranges   0x0000000000000000      0x788
 .debug_ranges  0x0000000000000000       0x80 ./Core/Src/phiMainStart.o
 .debug_ranges  0x0000000000000080       0x20 ./Core/Src/stm32f7xx_hal_msp.o
 .debug_ranges  0x00000000000000a0       0x60 ./Core/Src/stm32f7xx_it.o
 .debug_ranges  0x0000000000000100       0x18 ./Core/Src/system_stm32f7xx.o
 .debug_ranges  0x0000000000000118       0x20 ./Core/Startup/startup_stm32f746zgtx.o
 .debug_ranges  0x0000000000000138       0xf0 ./Drivers/STM32F7xx_HAL_Driver/Src/stm32f7xx_hal.o
 .debug_ranges  0x0000000000000228      0x108 ./Drivers/STM32F7xx_HAL_Driver/Src/stm32f7xx_hal_cortex.o
 .debug_ranges  0x0000000000000330       0x80 ./Drivers/STM32F7xx_HAL_Driver/Src/stm32f7xx_hal_dma.o
 .debug_ranges  0x00000000000003b0       0x48 ./Drivers/STM32F7xx_HAL_Driver/Src/stm32f7xx_hal_gpio.o
 .debug_ranges  0x00000000000003f8       0x90 ./Drivers/STM32F7xx_HAL_Driver/Src/stm32f7xx_hal_pwr.o
 .debug_ranges  0x0000000000000488       0x78 ./Drivers/STM32F7xx_HAL_Driver/Src/stm32f7xx_hal_rcc.o
 .debug_ranges  0x0000000000000500       0x40 ./Drivers/STM32F7xx_HAL_Driver/Src/stm32f7xx_hal_rcc_ex.o
 .debug_ranges  0x0000000000000540      0x248 ./Drivers/STM32F7xx_HAL_Driver/Src/stm32f7xx_hal_uart.o

.debug_macro    0x0000000000000000    0x26036
 .debug_macro   0x0000000000000000      0x2c4 ./Core/Src/phiMainStart.o
 .debug_macro   0x00000000000002c4      0xb80 ./Core/Src/phiMainStart.o
 .debug_macro   0x0000000000000e44      0x28d ./Core/Src/phiMainStart.o
 .debug_macro   0x00000000000010d1       0x2e ./Core/Src/phiMainStart.o
 .debug_macro   0x00000000000010ff       0x3b ./Core/Src/phiMainStart.o
 .debug_macro   0x000000000000113a       0x1c ./Core/Src/phiMainStart.o
 .debug_macro   0x0000000000001156       0x22 ./Core/Src/phiMainStart.o
 .debug_macro   0x0000000000001178       0x8e ./Core/Src/phiMainStart.o
 .debug_macro   0x0000000000001206       0x51 ./Core/Src/phiMainStart.o
 .debug_macro   0x0000000000001257      0x103 ./Core/Src/phiMainStart.o
 .debug_macro   0x000000000000135a       0x6a ./Core/Src/phiMainStart.o
 .debug_macro   0x00000000000013c4      0x1df ./Core/Src/phiMainStart.o
 .debug_macro   0x00000000000015a3       0x1c ./Core/Src/phiMainStart.o
 .debug_macro   0x00000000000015bf       0x22 ./Core/Src/phiMainStart.o
 .debug_macro   0x00000000000015e1       0xdf ./Core/Src/phiMainStart.o
 .debug_macro   0x00000000000016c0     0x12cd ./Core/Src/phiMainStart.o
 .debug_macro   0x000000000000298d      0x11f ./Core/Src/phiMainStart.o
 .debug_macro   0x0000000000002aac       0x19 ./Core/Src/phiMainStart.o
 .debug_macro   0x0000000000002ac5    0x191cb ./Core/Src/phiMainStart.o
 .debug_macro   0x000000000001bc90       0x43 ./Core/Src/phiMainStart.o
 .debug_macro   0x000000000001bcd3     0x36c9 ./Core/Src/phiMainStart.o
 .debug_macro   0x000000000001f39c      0x17b ./Core/Src/phiMainStart.o
 .debug_macro   0x000000000001f517       0x63 ./Core/Src/phiMainStart.o
 .debug_macro   0x000000000001f57a     0x18ad ./Core/Src/phiMainStart.o
 .debug_macro   0x0000000000020e27      0x6c4 ./Core/Src/phiMainStart.o
 .debug_macro   0x00000000000214eb      0x185 ./Core/Src/phiMainStart.o
 .debug_macro   0x0000000000021670      0x117 ./Core/Src/phiMainStart.o
 .debug_macro   0x0000000000021787      0x1fe ./Core/Src/phiMainStart.o
 .debug_macro   0x0000000000021985       0x27 ./Core/Src/phiMainStart.o
 .debug_macro   0x00000000000219ac      0x24f ./Core/Src/phiMainStart.o
 .debug_macro   0x0000000000021bfb       0x41 ./Core/Src/phiMainStart.o
 .debug_macro   0x0000000000021c3c       0x58 ./Core/Src/phiMainStart.o
 .debug_macro   0x0000000000021c94      0x236 ./Core/Src/phiMainStart.o
 .debug_macro   0x0000000000021eca      0x14f ./Core/Src/phiMainStart.o
 .debug_macro   0x0000000000022019      0x25b ./Core/Src/phiMainStart.o
 .debug_macro   0x0000000000022274       0x12 ./Core/Src/phiMainStart.o
 .debug_macro   0x0000000000022286      0x22c ./Core/Src/phiMainStart.o
 .debug_macro   0x00000000000224b2       0x61 ./Core/Src/phiMainStart.o
 .debug_macro   0x0000000000022513       0xa5 ./Core/Src/phiMainStart.o
 .debug_macro   0x00000000000225b8      0x12f ./Core/Src/phiMainStart.o
 .debug_macro   0x00000000000226e7      0x108 ./Core/Src/phiMainStart.o
 .debug_macro   0x00000000000227ef       0x35 ./Core/Src/phiMainStart.o
 .debug_macro   0x0000000000022824      0x558 ./Core/Src/phiMainStart.o
 .debug_macro   0x0000000000022d7c       0x44 ./Core/Src/phiMainStart.o
 .debug_macro   0x0000000000022dc0      0x14e ./Core/Src/phiMainStart.o
 .debug_macro   0x0000000000022f0e       0x88 ./Core/Src/phiMainStart.o
 .debug_macro   0x0000000000022f96       0x52 ./Core/Src/phiMainStart.o
 .debug_macro   0x0000000000022fe8       0x18 ./Core/Src/phiMainStart.o
 .debug_macro   0x0000000000023000       0x3c ./Core/Src/phiMainStart.o
 .debug_macro   0x000000000002303c       0x34 ./Core/Src/phiMainStart.o
 .debug_macro   0x0000000000023070       0x16 ./Core/Src/phiMainStart.o
 .debug_macro   0x0000000000023086       0x43 ./Core/Src/phiMainStart.o
 .debug_macro   0x00000000000230c9       0x34 ./Core/Src/phiMainStart.o
 .debug_macro   0x00000000000230fd       0x10 ./Core/Src/phiMainStart.o
 .debug_macro   0x000000000002310d       0x58 ./Core/Src/phiMainStart.o
 .debug_macro   0x0000000000023165       0x71 ./Core/Src/phiMainStart.o
 .debug_macro   0x00000000000231d6       0x16 ./Core/Src/phiMainStart.o
 .debug_macro   0x00000000000231ec      0x12a ./Core/Src/phiMainStart.o
 .debug_macro   0x0000000000023316      0x356 ./Core/Src/phiMainStart.o
 .debug_macro   0x000000000002366c       0x10 ./Core/Src/phiMainStart.o
 .debug_macro   0x000000000002367c       0x35 ./Core/Src/phiMainStart.o
 .debug_macro   0x00000000000236b1       0x20 ./Core/Src/phiMainStart.o
 .debug_macro   0x00000000000236d1       0x58 ./Core/Src/phiMainStart.o
 .debug_macro   0x0000000000023729      0x1de ./Core/Src/stm32f7xx_hal_msp.o
 .debug_macro   0x0000000000023907     0x12cd ./Core/Src/stm32f7xx_hal_msp.o
 .debug_macro   0x0000000000024bd4      0x174 ./Core/Src/stm32f7xx_hal_msp.o
 .debug_macro   0x0000000000024d48      0x1e8 ./Core/Src/stm32f7xx_it.o
 .debug_macro   0x0000000000024f30      0x1cf ./Core/Src/system_stm32f7xx.o
 .debug_macro   0x00000000000250ff      0x1f3 ./Drivers/STM32F7xx_HAL_Driver/Src/stm32f7xx_hal.o
 .debug_macro   0x00000000000252f2      0x1cf ./Drivers/STM32F7xx_HAL_Driver/Src/stm32f7xx_hal_cortex.o
 .debug_macro   0x00000000000254c1      0x1d5 ./Drivers/STM32F7xx_HAL_Driver/Src/stm32f7xx_hal_dma.o
 .debug_macro   0x0000000000025696      0x205 ./Drivers/STM32F7xx_HAL_Driver/Src/stm32f7xx_hal_gpio.o
 .debug_macro   0x000000000002589b      0x1ed ./Drivers/STM32F7xx_HAL_Driver/Src/stm32f7xx_hal_pwr.o
 .debug_macro   0x0000000000025a88      0x1f3 ./Drivers/STM32F7xx_HAL_Driver/Src/stm32f7xx_hal_rcc.o
 .debug_macro   0x0000000000025c7b      0x1cf ./Drivers/STM32F7xx_HAL_Driver/Src/stm32f7xx_hal_rcc_ex.o
 .debug_macro   0x0000000000025e4a      0x1ec ./Drivers/STM32F7xx_HAL_Driver/Src/stm32f7xx_hal_uart.o

.debug_line     0x0000000000000000     0x96b3
 .debug_line    0x0000000000000000      0xdad ./Core/Src/phiMainStart.o
 .debug_line    0x0000000000000dad      0x77b ./Core/Src/stm32f7xx_hal_msp.o
 .debug_line    0x0000000000001528      0x7b3 ./Core/Src/stm32f7xx_it.o
 .debug_line    0x0000000000001cdb      0x740 ./Core/Src/system_stm32f7xx.o
 .debug_line    0x000000000000241b       0x88 ./Core/Startup/startup_stm32f746zgtx.o
 .debug_line    0x00000000000024a3      0x9d4 ./Drivers/STM32F7xx_HAL_Driver/Src/stm32f7xx_hal.o
 .debug_line    0x0000000000002e77      0xc57 ./Drivers/STM32F7xx_HAL_Driver/Src/stm32f7xx_hal_cortex.o
 .debug_line    0x0000000000003ace      0xf25 ./Drivers/STM32F7xx_HAL_Driver/Src/stm32f7xx_hal_dma.o
 .debug_line    0x00000000000049f3      0xb53 ./Drivers/STM32F7xx_HAL_Driver/Src/stm32f7xx_hal_gpio.o
 .debug_line    0x0000000000005546      0x8d5 ./Drivers/STM32F7xx_HAL_Driver/Src/stm32f7xx_hal_pwr.o
 .debug_line    0x0000000000005e1b      0xe14 ./Drivers/STM32F7xx_HAL_Driver/Src/stm32f7xx_hal_rcc.o
 .debug_line    0x0000000000006c2f      0xdcd ./Drivers/STM32F7xx_HAL_Driver/Src/stm32f7xx_hal_rcc_ex.o
 .debug_line    0x00000000000079fc     0x1cb7 ./Drivers/STM32F7xx_HAL_Driver/Src/stm32f7xx_hal_uart.o

.debug_str      0x0000000000000000    0xe589c
 .debug_str     0x0000000000000000    0xe389f ./Core/Src/phiMainStart.o
                                      0xe4282 (size before relaxing)
 .debug_str     0x00000000000e389f      0x20f ./Core/Src/stm32f7xx_hal_msp.o
                                      0xdffb2 (size before relaxing)
 .debug_str     0x00000000000e3aae       0xe6 ./Core/Src/stm32f7xx_it.o
                                      0xdf8f8 (size before relaxing)
 .debug_str     0x00000000000e3b94      0x178 ./Core/Src/system_stm32f7xx.o
                                      0xdf424 (size before relaxing)
 .debug_str     0x00000000000e3d0c       0x36 ./Core/Startup/startup_stm32f746zgtx.o
                                         0x7c (size before relaxing)
 .debug_str     0x00000000000e3d42      0x39d ./Drivers/STM32F7xx_HAL_Driver/Src/stm32f7xx_hal.o
                                      0xdfd13 (size before relaxing)
 .debug_str     0x00000000000e40df      0x37c ./Drivers/STM32F7xx_HAL_Driver/Src/stm32f7xx_hal_cortex.o
                                      0xdfd92 (size before relaxing)
 .debug_str     0x00000000000e445b      0x32d ./Drivers/STM32F7xx_HAL_Driver/Src/stm32f7xx_hal_dma.o
                                      0xdf773 (size before relaxing)
 .debug_str     0x00000000000e4788      0x236 ./Drivers/STM32F7xx_HAL_Driver/Src/stm32f7xx_hal_gpio.o
                                      0xdf60f (size before relaxing)
 .debug_str     0x00000000000e49be      0x2c5 ./Drivers/STM32F7xx_HAL_Driver/Src/stm32f7xx_hal_pwr.o
                                      0xdf6f1 (size before relaxing)
 .debug_str     0x00000000000e4c83      0x24a ./Drivers/STM32F7xx_HAL_Driver/Src/stm32f7xx_hal_rcc.o
                                      0xdf754 (size before relaxing)
 .debug_str     0x00000000000e4ecd      0x169 ./Drivers/STM32F7xx_HAL_Driver/Src/stm32f7xx_hal_rcc_ex.o
                                      0xdf6de (size before relaxing)
 .debug_str     0x00000000000e5036      0x866 ./Drivers/STM32F7xx_HAL_Driver/Src/stm32f7xx_hal_uart.o
                                      0xe0024 (size before relaxing)

.comment        0x0000000000000000       0x53
 .comment       0x0000000000000000       0x53 ./Core/Src/phiMainStart.o
                                         0x54 (size before relaxing)
 .comment       0x0000000000000053       0x54 ./Core/Src/stm32f7xx_hal_msp.o
 .comment       0x0000000000000053       0x54 ./Core/Src/stm32f7xx_it.o
 .comment       0x0000000000000053       0x54 ./Core/Src/system_stm32f7xx.o
 .comment       0x0000000000000053       0x54 ./Drivers/STM32F7xx_HAL_Driver/Src/stm32f7xx_hal.o
 .comment       0x0000000000000053       0x54 ./Drivers/STM32F7xx_HAL_Driver/Src/stm32f7xx_hal_cortex.o
 .comment       0x0000000000000053       0x54 ./Drivers/STM32F7xx_HAL_Driver/Src/stm32f7xx_hal_dma.o
 .comment       0x0000000000000053       0x54 ./Drivers/STM32F7xx_HAL_Driver/Src/stm32f7xx_hal_gpio.o
 .comment       0x0000000000000053       0x54 ./Drivers/STM32F7xx_HAL_Driver/Src/stm32f7xx_hal_pwr.o
 .comment       0x0000000000000053       0x54 ./Drivers/STM32F7xx_HAL_Driver/Src/stm32f7xx_hal_rcc.o
 .comment       0x0000000000000053       0x54 ./Drivers/STM32F7xx_HAL_Driver/Src/stm32f7xx_hal_rcc_ex.o
 .comment       0x0000000000000053       0x54 ./Drivers/STM32F7xx_HAL_Driver/Src/stm32f7xx_hal_uart.o

.debug_frame    0x0000000000000000     0x2120
 .debug_frame   0x0000000000000000      0x214 ./Core/Src/phiMainStart.o
 .debug_frame   0x0000000000000214       0x80 ./Core/Src/stm32f7xx_hal_msp.o
 .debug_frame   0x0000000000000294      0x13c ./Core/Src/stm32f7xx_it.o
 .debug_frame   0x00000000000003d0       0x58 ./Core/Src/system_stm32f7xx.o
 .debug_frame   0x0000000000000428      0x3b4 ./Drivers/STM32F7xx_HAL_Driver/Src/stm32f7xx_hal.o
 .debug_frame   0x00000000000007dc      0x498 ./Drivers/STM32F7xx_HAL_Driver/Src/stm32f7xx_hal_cortex.o
 .debug_frame   0x0000000000000c74      0x250 ./Drivers/STM32F7xx_HAL_Driver/Src/stm32f7xx_hal_dma.o
 .debug_frame   0x0000000000000ec4      0x14c ./Drivers/STM32F7xx_HAL_Driver/Src/stm32f7xx_hal_gpio.o
 .debug_frame   0x0000000000001010      0x254 ./Drivers/STM32F7xx_HAL_Driver/Src/stm32f7xx_hal_pwr.o
 .debug_frame   0x0000000000001264      0x1f4 ./Drivers/STM32F7xx_HAL_Driver/Src/stm32f7xx_hal_rcc.o
 .debug_frame   0x0000000000001458      0x118 ./Drivers/STM32F7xx_HAL_Driver/Src/stm32f7xx_hal_rcc_ex.o
 .debug_frame   0x0000000000001570      0x9dc ./Drivers/STM32F7xx_HAL_Driver/Src/stm32f7xx_hal_uart.o
 .debug_frame   0x0000000000001f4c       0x2c c:/st/stm32cubeide_1.7.0/stm32cubeide/plugins/com.st.stm32cube.ide.mcu.externaltools.gnu-tools-for-stm32.9-2020-q2-update.win32_2.0.0.202105311346/tools/bin/../lib/gcc/arm-none-eabi/9.3.1/../../../../arm-none-eabi/lib/thumb/v7e-m+fp/hard\libc_nano.a(lib_a-init.o)
 .debug_frame   0x0000000000001f78       0x28 c:/st/stm32cubeide_1.7.0/stm32cubeide/plugins/com.st.stm32cube.ide.mcu.externaltools.gnu-tools-for-stm32.9-2020-q2-update.win32_2.0.0.202105311346/tools/bin/../lib/gcc/arm-none-eabi/9.3.1/../../../../arm-none-eabi/lib/thumb/v7e-m+fp/hard\libc_nano.a(lib_a-memcpy-stub.o)
 .debug_frame   0x0000000000001fa0       0x20 c:/st/stm32cubeide_1.7.0/stm32cubeide/plugins/com.st.stm32cube.ide.mcu.externaltools.gnu-tools-for-stm32.9-2020-q2-update.win32_2.0.0.202105311346/tools/bin/../lib/gcc/arm-none-eabi/9.3.1/../../../../arm-none-eabi/lib/thumb/v7e-m+fp/hard\libc_nano.a(lib_a-memset.o)
 .debug_frame   0x0000000000001fc0       0x30 c:/st/stm32cubeide_1.7.0/stm32cubeide/plugins/com.st.stm32cube.ide.mcu.externaltools.gnu-tools-for-stm32.9-2020-q2-update.win32_2.0.0.202105311346/tools/bin/../lib/gcc/arm-none-eabi/9.3.1/thumb/v7e-m+fp/hard\libgcc.a(_arm_muldf3.o)
 .debug_frame   0x0000000000001ff0       0xac c:/st/stm32cubeide_1.7.0/stm32cubeide/plugins/com.st.stm32cube.ide.mcu.externaltools.gnu-tools-for-stm32.9-2020-q2-update.win32_2.0.0.202105311346/tools/bin/../lib/gcc/arm-none-eabi/9.3.1/thumb/v7e-m+fp/hard\libgcc.a(_arm_addsubdf3.o)
 .debug_frame   0x000000000000209c       0x24 c:/st/stm32cubeide_1.7.0/stm32cubeide/plugins/com.st.stm32cube.ide.mcu.externaltools.gnu-tools-for-stm32.9-2020-q2-update.win32_2.0.0.202105311346/tools/bin/../lib/gcc/arm-none-eabi/9.3.1/thumb/v7e-m+fp/hard\libgcc.a(_arm_truncdfsf2.o)
 .debug_frame   0x00000000000020c0       0x2c c:/st/stm32cubeide_1.7.0/stm32cubeide/plugins/com.st.stm32cube.ide.mcu.externaltools.gnu-tools-for-stm32.9-2020-q2-update.win32_2.0.0.202105311346/tools/bin/../lib/gcc/arm-none-eabi/9.3.1/thumb/v7e-m+fp/hard\libgcc.a(_aeabi_uldivmod.o)
 .debug_frame   0x00000000000020ec       0x34 c:/st/stm32cubeide_1.7.0/stm32cubeide/plugins/com.st.stm32cube.ide.mcu.externaltools.gnu-tools-for-stm32.9-2020-q2-update.win32_2.0.0.202105311346/tools/bin/../lib/gcc/arm-none-eabi/9.3.1/thumb/v7e-m+fp/hard\libgcc.a(_udivmoddi4.o)
